// Jest Snapshot v1, https://goo.gl/fbAQLP

exports[`should render Header correctly 1`] = `
<header>
  <h1>
    Expensify
  </h1>
  <NavLink
    to="/"
  >
    Go home
  </NavLink>
  <br />
  <NavLink
    to="/create"
  >
    Create Expense
  </NavLink>
  <br />
  <NavLink
    to="/help"
  >
    Help
  </NavLink>
  <br />
  <br />
</header>
`;
